[2025-06-24T13:57:31.108+0200][gc,init] CardTable entry size: 512
[2025-06-24T13:57:31.108+0200][gc     ] Using G1
[2025-06-24T13:57:31.109+0200][gc,init] Version: 24.0.1+9-jvmci-b01 (release)
[2025-06-24T13:57:31.109+0200][gc,init] CPUs: 8 total, 8 available
[2025-06-24T13:57:31.109+0200][gc,init] Memory: 16384M
[2025-06-24T13:57:31.109+0200][gc,init] Large Page Support: Disabled
[2025-06-24T13:57:31.109+0200][gc,init] NUMA Support: Disabled
[2025-06-24T13:57:31.109+0200][gc,init] Compressed Oops: Enabled (Zero based)
[2025-06-24T13:57:31.109+0200][gc,init] Heap Region Size: 1M
[2025-06-24T13:57:31.109+0200][gc,init] Heap Min Capacity: 512M
[2025-06-24T13:57:31.109+0200][gc,init] Heap Initial Capacity: 512M
[2025-06-24T13:57:31.109+0200][gc,init] Heap Max Capacity: 512M
[2025-06-24T13:57:31.109+0200][gc,init] Pre-touch: Disabled
[2025-06-24T13:57:31.109+0200][gc,init] Parallel Workers: 8
[2025-06-24T13:57:31.109+0200][gc,init] Concurrent Workers: 2
[2025-06-24T13:57:31.109+0200][gc,init] Concurrent Refinement Workers: 8
[2025-06-24T13:57:31.109+0200][gc,init] Periodic GC: Disabled
[2025-06-24T13:57:31.110+0200][gc,metaspace] CDS archive(s) mapped at: [0x000007c000000000-0x000007c000d2c000-0x000007c000d2c000), size 13811712, SharedBaseAddress: 0x000007c000000000, ArchiveRelocationMode: 1.
[2025-06-24T13:57:31.111+0200][gc,metaspace] Compressed class space mapped at: 0x000007c001000000-0x000007c041000000, reserved size: 1073741824
[2025-06-24T13:57:31.111+0200][gc,metaspace] UseCompressedClassPointers 1, UseCompactObjectHeaders 0
[2025-06-24T13:57:31.111+0200][gc,metaspace] Narrow klass pointer bits 32, Max shift 3
[2025-06-24T13:57:31.111+0200][gc,metaspace] Narrow klass base: 0x000007c000000000, Narrow klass shift: 0
[2025-06-24T13:57:31.111+0200][gc,metaspace] Encoding Range: [0x000007c000000000 - 0x000007c100000000), (4294967296 bytes)
[2025-06-24T13:57:31.111+0200][gc,metaspace] Klass Range:    [0x000007c000000000 - 0x000007c041000000), (1090519040 bytes)
[2025-06-24T13:57:31.111+0200][gc,metaspace] Klass ID Range:  [8 - 1090519033) (1090519025)
[2025-06-24T13:57:31.815+0200][gc,start    ] GC(0) Pause Young (Normal) (G1 Evacuation Pause)
[2025-06-24T13:57:31.815+0200][gc,task     ] GC(0) Using 8 workers of 8 for evacuation
[2025-06-24T13:57:31.817+0200][gc,phases   ] GC(0)   Pre Evacuate Collection Set: 0.08ms
[2025-06-24T13:57:31.817+0200][gc,phases   ] GC(0)   Merge Heap Roots: 0.04ms
[2025-06-24T13:57:31.818+0200][gc,phases   ] GC(0)   Evacuate Collection Set: 2.07ms
[2025-06-24T13:57:31.818+0200][gc,phases   ] GC(0)   Post Evacuate Collection Set: 0.28ms
[2025-06-24T13:57:31.818+0200][gc,phases   ] GC(0)   Other: 0.19ms
[2025-06-24T13:57:31.818+0200][gc,heap     ] GC(0) Eden regions: 47->0(218)
[2025-06-24T13:57:31.818+0200][gc,heap     ] GC(0) Survivor regions: 0->6(6)
[2025-06-24T13:57:31.818+0200][gc,heap     ] GC(0) Old regions: 2->2
[2025-06-24T13:57:31.818+0200][gc,heap     ] GC(0) Humongous regions: 0->0
[2025-06-24T13:57:31.818+0200][gc,metaspace] GC(0) Metaspace: 9983K(10240K)->9983K(10240K) NonClass: 9120K(9216K)->9120K(9216K) Class: 862K(1024K)->862K(1024K)
[2025-06-24T13:57:31.818+0200][gc          ] GC(0) Pause Young (Normal) (G1 Evacuation Pause) 48M->6M(512M) 2.829ms
[2025-06-24T13:57:31.818+0200][gc,cpu      ] GC(0) User=0.01s Sys=0.01s Real=0.00s
[2025-06-24T13:57:32.874+0200][gc,start    ] GC(1) Pause Young (Concurrent Start) (Metadata GC Threshold)
[2025-06-24T13:57:32.874+0200][gc,task     ] GC(1) Using 8 workers of 8 for evacuation
[2025-06-24T13:57:32.881+0200][gc,phases   ] GC(1)   Pre Evacuate Collection Set: 0.10ms
[2025-06-24T13:57:32.881+0200][gc,phases   ] GC(1)   Merge Heap Roots: 0.05ms
[2025-06-24T13:57:32.881+0200][gc,phases   ] GC(1)   Evacuate Collection Set: 5.47ms
[2025-06-24T13:57:32.881+0200][gc,phases   ] GC(1)   Post Evacuate Collection Set: 1.01ms
[2025-06-24T13:57:32.881+0200][gc,phases   ] GC(1)   Other: 0.07ms
[2025-06-24T13:57:32.881+0200][gc,heap     ] GC(1) Eden regions: 139->0(238)
[2025-06-24T13:57:32.881+0200][gc,heap     ] GC(1) Survivor regions: 6->17(28)
[2025-06-24T13:57:32.881+0200][gc,heap     ] GC(1) Old regions: 2->2
[2025-06-24T13:57:32.881+0200][gc,heap     ] GC(1) Humongous regions: 0->0
[2025-06-24T13:57:32.881+0200][gc,metaspace] GC(1) Metaspace: 21191K(21504K)->21191K(21504K) NonClass: 19297K(19456K)->19297K(19456K) Class: 1893K(2048K)->1893K(2048K)
[2025-06-24T13:57:32.881+0200][gc          ] GC(1) Pause Young (Concurrent Start) (Metadata GC Threshold) 145M->18M(512M) 6.885ms
[2025-06-24T13:57:32.881+0200][gc          ] GC(2) Concurrent Mark Cycle
[2025-06-24T13:57:32.881+0200][gc,cpu      ] GC(1) User=0.04s Sys=0.00s Real=0.01s
[2025-06-24T13:57:32.881+0200][gc,marking  ] GC(2) Concurrent Scan Root Regions
[2025-06-24T13:57:32.884+0200][gc,marking  ] GC(2) Concurrent Scan Root Regions 3.263ms
[2025-06-24T13:57:32.884+0200][gc,marking  ] GC(2) Concurrent Mark
[2025-06-24T13:57:32.884+0200][gc,marking  ] GC(2) Concurrent Mark From Roots
[2025-06-24T13:57:32.884+0200][gc,task     ] GC(2) Using 2 workers of 2 for marking
[2025-06-24T13:57:32.885+0200][gc,marking  ] GC(2) Concurrent Mark From Roots 0.920ms
[2025-06-24T13:57:32.885+0200][gc,marking  ] GC(2) Concurrent Preclean
[2025-06-24T13:57:32.885+0200][gc,marking  ] GC(2) Concurrent Preclean 0.008ms
[2025-06-24T13:57:32.885+0200][gc,start    ] GC(2) Pause Remark
[2025-06-24T13:57:32.887+0200][gc          ] GC(2) Pause Remark 18M->18M(512M) 1.687ms
[2025-06-24T13:57:32.887+0200][gc,cpu      ] GC(2) User=0.01s Sys=0.00s Real=0.00s
[2025-06-24T13:57:32.887+0200][gc,marking  ] GC(2) Concurrent Mark 2.795ms
[2025-06-24T13:57:32.887+0200][gc,marking  ] GC(2) Concurrent Rebuild Remembered Sets and Scrub Regions
[2025-06-24T13:57:32.888+0200][gc,marking  ] GC(2) Concurrent Rebuild Remembered Sets and Scrub Regions 0.357ms
[2025-06-24T13:57:32.888+0200][gc,start    ] GC(2) Pause Cleanup
[2025-06-24T13:57:32.888+0200][gc          ] GC(2) Pause Cleanup 18M->18M(512M) 0.013ms
[2025-06-24T13:57:32.888+0200][gc,cpu      ] GC(2) User=0.00s Sys=0.00s Real=0.00s
[2025-06-24T13:57:32.888+0200][gc,marking  ] GC(2) Concurrent Clear Claimed Marks
[2025-06-24T13:57:32.888+0200][gc,marking  ] GC(2) Concurrent Clear Claimed Marks 0.008ms
[2025-06-24T13:57:32.888+0200][gc,marking  ] GC(2) Concurrent Cleanup for Next Mark
[2025-06-24T13:57:32.888+0200][gc,marking  ] GC(2) Concurrent Cleanup for Next Mark 0.610ms
[2025-06-24T13:57:32.888+0200][gc          ] GC(2) Concurrent Mark Cycle 7.212ms
