[2025-06-24T13:57:33.763+0200][gc,init] CardTable entry size: 512
[2025-06-24T13:57:33.764+0200][gc     ] Using G1
[2025-06-24T13:57:33.764+0200][gc,init] Version: 24.0.1+9-jvmci-b01 (release)
[2025-06-24T13:57:33.764+0200][gc,init] CPUs: 8 total, 8 available
[2025-06-24T13:57:33.764+0200][gc,init] Memory: 16384M
[2025-06-24T13:57:33.764+0200][gc,init] Large Page Support: Disabled
[2025-06-24T13:57:33.764+0200][gc,init] NUMA Support: Disabled
[2025-06-24T13:57:33.764+0200][gc,init] Compressed Oops: Enabled (Zero based)
[2025-06-24T13:57:33.764+0200][gc,init] Heap Region Size: 1M
[2025-06-24T13:57:33.764+0200][gc,init] Heap Min Capacity: 512M
[2025-06-24T13:57:33.764+0200][gc,init] Heap Initial Capacity: 512M
[2025-06-24T13:57:33.764+0200][gc,init] Heap Max Capacity: 512M
[2025-06-24T13:57:33.764+0200][gc,init] Pre-touch: Disabled
[2025-06-24T13:57:33.764+0200][gc,init] Parallel Workers: 8
[2025-06-24T13:57:33.764+0200][gc,init] Concurrent Workers: 2
[2025-06-24T13:57:33.764+0200][gc,init] Concurrent Refinement Workers: 8
[2025-06-24T13:57:33.764+0200][gc,init] Periodic GC: Disabled
[2025-06-24T13:57:33.766+0200][gc,metaspace] CDS archive(s) mapped at: [0x00000ffc00000000-0x00000ffc00d2c000-0x00000ffc00d2c000), size 13811712, SharedBaseAddress: 0x00000ffc00000000, ArchiveRelocationMode: 1.
[2025-06-24T13:57:33.766+0200][gc,metaspace] Compressed class space mapped at: 0x00000ffc01000000-0x00000ffc41000000, reserved size: 1073741824
[2025-06-24T13:57:33.766+0200][gc,metaspace] UseCompressedClassPointers 1, UseCompactObjectHeaders 0
[2025-06-24T13:57:33.766+0200][gc,metaspace] Narrow klass pointer bits 32, Max shift 3
[2025-06-24T13:57:33.766+0200][gc,metaspace] Narrow klass base: 0x00000ffc00000000, Narrow klass shift: 0
[2025-06-24T13:57:33.766+0200][gc,metaspace] Encoding Range: [0x00000ffc00000000 - 0x00000ffd00000000), (4294967296 bytes)
[2025-06-24T13:57:33.766+0200][gc,metaspace] Klass Range:    [0x00000ffc00000000 - 0x00000ffc41000000), (1090519040 bytes)
[2025-06-24T13:57:33.766+0200][gc,metaspace] Klass ID Range:  [8 - 1090519033) (1090519025)
[2025-06-24T13:57:34.138+0200][gc,start    ] GC(0) Pause Young (Normal) (G1 Evacuation Pause)
[2025-06-24T13:57:34.138+0200][gc,task     ] GC(0) Using 8 workers of 8 for evacuation
[2025-06-24T13:57:34.141+0200][gc,phases   ] GC(0)   Pre Evacuate Collection Set: 0.11ms
[2025-06-24T13:57:34.141+0200][gc,phases   ] GC(0)   Merge Heap Roots: 0.04ms
[2025-06-24T13:57:34.141+0200][gc,phases   ] GC(0)   Evacuate Collection Set: 2.10ms
[2025-06-24T13:57:34.141+0200][gc,phases   ] GC(0)   Post Evacuate Collection Set: 0.28ms
[2025-06-24T13:57:34.141+0200][gc,phases   ] GC(0)   Other: 0.20ms
[2025-06-24T13:57:34.141+0200][gc,heap     ] GC(0) Eden regions: 47->0(215)
[2025-06-24T13:57:34.141+0200][gc,heap     ] GC(0) Survivor regions: 0->6(6)
[2025-06-24T13:57:34.141+0200][gc,heap     ] GC(0) Old regions: 2->4
[2025-06-24T13:57:34.141+0200][gc,heap     ] GC(0) Humongous regions: 0->0
[2025-06-24T13:57:34.141+0200][gc,metaspace] GC(0) Metaspace: 9366K(9664K)->9366K(9664K) NonClass: 8252K(8448K)->8252K(8448K) Class: 1113K(1216K)->1113K(1216K)
[2025-06-24T13:57:34.141+0200][gc          ] GC(0) Pause Young (Normal) (G1 Evacuation Pause) 48M->8M(512M) 2.878ms
[2025-06-24T13:57:34.141+0200][gc,cpu      ] GC(0) User=0.02s Sys=0.01s Real=0.01s
[2025-06-24T13:57:34.342+0200][gc,start    ] GC(1) Pause Young (Concurrent Start) (Metadata GC Threshold)
[2025-06-24T13:57:34.342+0200][gc,task     ] GC(1) Using 8 workers of 8 for evacuation
[2025-06-24T13:57:34.345+0200][gc,phases   ] GC(1)   Pre Evacuate Collection Set: 0.15ms
[2025-06-24T13:57:34.345+0200][gc,phases   ] GC(1)   Merge Heap Roots: 0.04ms
[2025-06-24T13:57:34.345+0200][gc,phases   ] GC(1)   Evacuate Collection Set: 3.07ms
[2025-06-24T13:57:34.345+0200][gc,phases   ] GC(1)   Post Evacuate Collection Set: 0.34ms
[2025-06-24T13:57:34.345+0200][gc,phases   ] GC(1)   Other: 0.05ms
[2025-06-24T13:57:34.345+0200][gc,heap     ] GC(1) Eden regions: 50->0(241)
[2025-06-24T13:57:34.345+0200][gc,heap     ] GC(1) Survivor regions: 6->11(28)
[2025-06-24T13:57:34.345+0200][gc,heap     ] GC(1) Old regions: 4->4
[2025-06-24T13:57:34.345+0200][gc,heap     ] GC(1) Humongous regions: 0->0
[2025-06-24T13:57:34.345+0200][gc,metaspace] GC(1) Metaspace: 21219K(21504K)->21219K(21504K) NonClass: 18796K(18944K)->18796K(18944K) Class: 2422K(2560K)->2422K(2560K)
[2025-06-24T13:57:34.346+0200][gc          ] GC(1) Pause Young (Concurrent Start) (Metadata GC Threshold) 58M->12M(512M) 3.799ms
[2025-06-24T13:57:34.346+0200][gc          ] GC(2) Concurrent Mark Cycle
[2025-06-24T13:57:34.346+0200][gc,cpu      ] GC(1) User=0.02s Sys=0.01s Real=0.00s
[2025-06-24T13:57:34.346+0200][gc,marking  ] GC(2) Concurrent Scan Root Regions
[2025-06-24T13:57:34.348+0200][gc,marking  ] GC(2) Concurrent Scan Root Regions 1.983ms
[2025-06-24T13:57:34.348+0200][gc,marking  ] GC(2) Concurrent Mark
[2025-06-24T13:57:34.348+0200][gc,marking  ] GC(2) Concurrent Mark From Roots
[2025-06-24T13:57:34.348+0200][gc,task     ] GC(2) Using 2 workers of 2 for marking
[2025-06-24T13:57:34.349+0200][gc,marking  ] GC(2) Concurrent Mark From Roots 0.967ms
[2025-06-24T13:57:34.349+0200][gc,marking  ] GC(2) Concurrent Preclean
[2025-06-24T13:57:34.349+0200][gc,marking  ] GC(2) Concurrent Preclean 0.006ms
[2025-06-24T13:57:34.349+0200][gc,start    ] GC(2) Pause Remark
[2025-06-24T13:57:34.350+0200][gc          ] GC(2) Pause Remark 13M->13M(512M) 0.951ms
[2025-06-24T13:57:34.350+0200][gc,cpu      ] GC(2) User=0.00s Sys=0.00s Real=0.01s
[2025-06-24T13:57:34.350+0200][gc,marking  ] GC(2) Concurrent Mark 2.004ms
[2025-06-24T13:57:34.350+0200][gc,marking  ] GC(2) Concurrent Rebuild Remembered Sets and Scrub Regions
[2025-06-24T13:57:34.350+0200][gc,marking  ] GC(2) Concurrent Rebuild Remembered Sets and Scrub Regions 0.708ms
[2025-06-24T13:57:34.350+0200][gc,start    ] GC(2) Pause Cleanup
[2025-06-24T13:57:34.350+0200][gc          ] GC(2) Pause Cleanup 13M->13M(512M) 0.022ms
[2025-06-24T13:57:34.350+0200][gc,cpu      ] GC(2) User=0.00s Sys=0.00s Real=0.00s
[2025-06-24T13:57:34.350+0200][gc,marking  ] GC(2) Concurrent Clear Claimed Marks
[2025-06-24T13:57:34.350+0200][gc,marking  ] GC(2) Concurrent Clear Claimed Marks 0.009ms
[2025-06-24T13:57:34.350+0200][gc,marking  ] GC(2) Concurrent Cleanup for Next Mark
[2025-06-24T13:57:34.351+0200][gc,marking  ] GC(2) Concurrent Cleanup for Next Mark 0.610ms
[2025-06-24T13:57:34.351+0200][gc          ] GC(2) Concurrent Mark Cycle 5.484ms
[2025-06-24T13:57:34.976+0200][gc,start    ] GC(3) Pause Young (Prepare Mixed) (Metadata GC Threshold)
[2025-06-24T13:57:34.976+0200][gc,task     ] GC(3) Using 8 workers of 8 for evacuation
[2025-06-24T13:57:34.983+0200][gc,phases   ] GC(3)   Pre Evacuate Collection Set: 0.11ms
[2025-06-24T13:57:34.983+0200][gc,phases   ] GC(3)   Merge Heap Roots: 0.04ms
[2025-06-24T13:57:34.983+0200][gc,phases   ] GC(3)   Evacuate Collection Set: 5.82ms
[2025-06-24T13:57:34.983+0200][gc,phases   ] GC(3)   Post Evacuate Collection Set: 0.89ms
[2025-06-24T13:57:34.983+0200][gc,phases   ] GC(3)   Other: 0.07ms
[2025-06-24T13:57:34.983+0200][gc,heap     ] GC(3) Eden regions: 103->0(220)
[2025-06-24T13:57:34.983+0200][gc,heap     ] GC(3) Survivor regions: 11->21(32)
[2025-06-24T13:57:34.983+0200][gc,heap     ] GC(3) Old regions: 4->4
[2025-06-24T13:57:34.983+0200][gc,heap     ] GC(3) Humongous regions: 0->0
[2025-06-24T13:57:34.983+0200][gc,metaspace] GC(3) Metaspace: 35477K(35968K)->35477K(35968K) NonClass: 31271K(31552K)->31271K(31552K) Class: 4205K(4416K)->4205K(4416K)
[2025-06-24T13:57:34.983+0200][gc          ] GC(3) Pause Young (Prepare Mixed) (Metadata GC Threshold) 115M->22M(512M) 7.074ms
[2025-06-24T13:57:34.983+0200][gc,cpu      ] GC(3) User=0.04s Sys=0.00s Real=0.01s
[2025-06-24T13:57:35.003+0200][gc,start    ] GC(4) Pause Young (Mixed) (Metadata GC Threshold)
[2025-06-24T13:57:35.003+0200][gc,task     ] GC(4) Using 8 workers of 8 for evacuation
[2025-06-24T13:57:35.009+0200][gc,phases   ] GC(4)   Pre Evacuate Collection Set: 0.11ms
[2025-06-24T13:57:35.009+0200][gc,phases   ] GC(4)   Merge Heap Roots: 0.05ms
[2025-06-24T13:57:35.009+0200][gc,phases   ] GC(4)   Evacuate Collection Set: 5.05ms
[2025-06-24T13:57:35.009+0200][gc,phases   ] GC(4)   Post Evacuate Collection Set: 0.68ms
[2025-06-24T13:57:35.009+0200][gc,phases   ] GC(4)   Other: 0.06ms
[2025-06-24T13:57:35.009+0200][gc,heap     ] GC(4) Eden regions: 5->0(221)
[2025-06-24T13:57:35.009+0200][gc,heap     ] GC(4) Survivor regions: 21->15(31)
[2025-06-24T13:57:35.009+0200][gc,heap     ] GC(4) Old regions: 4->8
[2025-06-24T13:57:35.009+0200][gc,heap     ] GC(4) Humongous regions: 0->0
[2025-06-24T13:57:35.009+0200][gc,metaspace] GC(4) Metaspace: 35738K(36288K)->35738K(36288K) NonClass: 31496K(31808K)->31496K(31808K) Class: 4242K(4480K)->4242K(4480K)
[2025-06-24T13:57:35.009+0200][gc          ] GC(4) Pause Young (Mixed) (Metadata GC Threshold) 27M->22M(512M) 6.088ms
[2025-06-24T13:57:35.009+0200][gc,cpu      ] GC(4) User=0.03s Sys=0.01s Real=0.00s
[2025-06-24T13:57:35.024+0200][gc,start    ] GC(5) Pause Young (Concurrent Start) (Metadata GC Threshold)
[2025-06-24T13:57:35.024+0200][gc,task     ] GC(5) Using 8 workers of 8 for evacuation
[2025-06-24T13:57:35.028+0200][gc,phases   ] GC(5)   Pre Evacuate Collection Set: 0.13ms
[2025-06-24T13:57:35.028+0200][gc,phases   ] GC(5)   Merge Heap Roots: 0.03ms
[2025-06-24T13:57:35.028+0200][gc,phases   ] GC(5)   Evacuate Collection Set: 3.39ms
[2025-06-24T13:57:35.028+0200][gc,phases   ] GC(5)   Post Evacuate Collection Set: 0.32ms
[2025-06-24T13:57:35.028+0200][gc,phases   ] GC(5)   Other: 0.05ms
[2025-06-24T13:57:35.028+0200][gc,heap     ] GC(5) Eden regions: 3->0(265)
[2025-06-24T13:57:35.028+0200][gc,heap     ] GC(5) Survivor regions: 15->15(30)
[2025-06-24T13:57:35.028+0200][gc,heap     ] GC(5) Old regions: 8->8
[2025-06-24T13:57:35.028+0200][gc,heap     ] GC(5) Humongous regions: 0->0
[2025-06-24T13:57:35.028+0200][gc,metaspace] GC(5) Metaspace: 36076K(36608K)->36076K(36608K) NonClass: 31778K(32128K)->31778K(32128K) Class: 4297K(4480K)->4297K(4480K)
[2025-06-24T13:57:35.028+0200][gc          ] GC(5) Pause Young (Concurrent Start) (Metadata GC Threshold) 25M->22M(512M) 4.068ms
[2025-06-24T13:57:35.028+0200][gc          ] GC(6) Concurrent Mark Cycle
[2025-06-24T13:57:35.028+0200][gc,cpu      ] GC(5) User=0.03s Sys=0.00s Real=0.00s
[2025-06-24T13:57:35.028+0200][gc,marking  ] GC(6) Concurrent Scan Root Regions
[2025-06-24T13:57:35.032+0200][gc,marking  ] GC(6) Concurrent Scan Root Regions 3.526ms
[2025-06-24T13:57:35.032+0200][gc,marking  ] GC(6) Concurrent Mark
[2025-06-24T13:57:35.032+0200][gc,marking  ] GC(6) Concurrent Mark From Roots
[2025-06-24T13:57:35.032+0200][gc,task     ] GC(6) Using 2 workers of 2 for marking
[2025-06-24T13:57:35.034+0200][gc,marking  ] GC(6) Concurrent Mark From Roots 2.668ms
[2025-06-24T13:57:35.034+0200][gc,marking  ] GC(6) Concurrent Preclean
[2025-06-24T13:57:35.034+0200][gc,marking  ] GC(6) Concurrent Preclean 0.020ms
[2025-06-24T13:57:35.034+0200][gc,start    ] GC(6) Pause Remark
[2025-06-24T13:57:35.035+0200][gc          ] GC(6) Pause Remark 24M->24M(512M) 1.085ms
[2025-06-24T13:57:35.035+0200][gc,cpu      ] GC(6) User=0.00s Sys=0.00s Real=0.00s
[2025-06-24T13:57:35.035+0200][gc,marking  ] GC(6) Concurrent Mark 3.874ms
[2025-06-24T13:57:35.035+0200][gc,marking  ] GC(6) Concurrent Rebuild Remembered Sets and Scrub Regions
[2025-06-24T13:57:35.037+0200][gc,marking  ] GC(6) Concurrent Rebuild Remembered Sets and Scrub Regions 1.293ms
[2025-06-24T13:57:35.037+0200][gc,start    ] GC(6) Pause Cleanup
[2025-06-24T13:57:35.037+0200][gc          ] GC(6) Pause Cleanup 24M->24M(512M) 0.025ms
[2025-06-24T13:57:35.037+0200][gc,cpu      ] GC(6) User=0.00s Sys=0.00s Real=0.00s
[2025-06-24T13:57:35.037+0200][gc,marking  ] GC(6) Concurrent Clear Claimed Marks
[2025-06-24T13:57:35.037+0200][gc,marking  ] GC(6) Concurrent Clear Claimed Marks 0.020ms
[2025-06-24T13:57:35.037+0200][gc,marking  ] GC(6) Concurrent Cleanup for Next Mark
[2025-06-24T13:57:35.037+0200][gc,marking  ] GC(6) Concurrent Cleanup for Next Mark 0.445ms
[2025-06-24T13:57:35.037+0200][gc          ] GC(6) Concurrent Mark Cycle 9.340ms
[2025-06-24T14:03:40.460+0200][gc,start    ] GC(7) Pause Young (Normal) (G1 Evacuation Pause)
[2025-06-24T14:03:40.460+0200][gc,task     ] GC(7) Using 8 workers of 8 for evacuation
[2025-06-24T14:03:40.467+0200][gc,phases   ] GC(7)   Pre Evacuate Collection Set: 0.13ms
[2025-06-24T14:03:40.467+0200][gc,phases   ] GC(7)   Merge Heap Roots: 0.10ms
[2025-06-24T14:03:40.467+0200][gc,phases   ] GC(7)   Evacuate Collection Set: 5.88ms
[2025-06-24T14:03:40.467+0200][gc,phases   ] GC(7)   Post Evacuate Collection Set: 0.95ms
[2025-06-24T14:03:40.467+0200][gc,phases   ] GC(7)   Other: 0.10ms
[2025-06-24T14:03:40.467+0200][gc,heap     ] GC(7) Eden regions: 265->0(263)
[2025-06-24T14:03:40.467+0200][gc,heap     ] GC(7) Survivor regions: 15->16(35)
[2025-06-24T14:03:40.467+0200][gc,heap     ] GC(7) Old regions: 8->8
[2025-06-24T14:03:40.467+0200][gc,heap     ] GC(7) Humongous regions: 0->0
[2025-06-24T14:03:40.467+0200][gc,metaspace] GC(7) Metaspace: 39820K(40512K)->39820K(40512K) NonClass: 35039K(35456K)->35039K(35456K) Class: 4781K(5056K)->4781K(5056K)
[2025-06-24T14:03:40.467+0200][gc          ] GC(7) Pause Young (Normal) (G1 Evacuation Pause) 287M->23M(512M) 7.462ms
[2025-06-24T14:03:40.467+0200][gc,cpu      ] GC(7) User=0.04s Sys=0.01s Real=0.00s
[2025-06-24T14:09:35.297+0200][gc,start    ] GC(8) Pause Young (Normal) (G1 Evacuation Pause)
[2025-06-24T14:09:35.297+0200][gc,task     ] GC(8) Using 8 workers of 8 for evacuation
[2025-06-24T14:09:35.304+0200][gc,phases   ] GC(8)   Pre Evacuate Collection Set: 0.16ms
[2025-06-24T14:09:35.304+0200][gc,phases   ] GC(8)   Merge Heap Roots: 0.13ms
[2025-06-24T14:09:35.304+0200][gc,phases   ] GC(8)   Evacuate Collection Set: 5.93ms
[2025-06-24T14:09:35.304+0200][gc,phases   ] GC(8)   Post Evacuate Collection Set: 0.94ms
[2025-06-24T14:09:35.304+0200][gc,phases   ] GC(8)   Other: 0.08ms
[2025-06-24T14:09:35.304+0200][gc,heap     ] GC(8) Eden regions: 263->0(291)
[2025-06-24T14:09:35.304+0200][gc,heap     ] GC(8) Survivor regions: 16->16(35)
[2025-06-24T14:09:35.304+0200][gc,heap     ] GC(8) Old regions: 8->8
[2025-06-24T14:09:35.304+0200][gc,heap     ] GC(8) Humongous regions: 0->0
[2025-06-24T14:09:35.304+0200][gc,metaspace] GC(8) Metaspace: 39851K(40512K)->39851K(40512K) NonClass: 35067K(35456K)->35067K(35456K) Class: 4784K(5056K)->4784K(5056K)
[2025-06-24T14:09:35.304+0200][gc          ] GC(8) Pause Young (Normal) (G1 Evacuation Pause) 286M->23M(512M) 7.461ms
[2025-06-24T14:09:35.304+0200][gc,cpu      ] GC(8) User=0.04s Sys=0.00s Real=0.01s
[2025-06-24T14:16:13.025+0200][gc,start    ] GC(9) Pause Young (Normal) (G1 Evacuation Pause)
[2025-06-24T14:16:13.025+0200][gc,task     ] GC(9) Using 8 workers of 8 for evacuation
[2025-06-24T14:16:13.032+0200][gc,phases   ] GC(9)   Pre Evacuate Collection Set: 0.16ms
[2025-06-24T14:16:13.032+0200][gc,phases   ] GC(9)   Merge Heap Roots: 0.08ms
[2025-06-24T14:16:13.032+0200][gc,phases   ] GC(9)   Evacuate Collection Set: 5.65ms
[2025-06-24T14:16:13.032+0200][gc,phases   ] GC(9)   Post Evacuate Collection Set: 0.93ms
[2025-06-24T14:16:13.032+0200][gc,phases   ] GC(9)   Other: 0.08ms
[2025-06-24T14:16:13.032+0200][gc,heap     ] GC(9) Eden regions: 291->0(293)
[2025-06-24T14:16:13.032+0200][gc,heap     ] GC(9) Survivor regions: 16->14(39)
[2025-06-24T14:16:13.032+0200][gc,heap     ] GC(9) Old regions: 8->8
[2025-06-24T14:16:13.032+0200][gc,heap     ] GC(9) Humongous regions: 0->0
[2025-06-24T14:16:13.032+0200][gc,metaspace] GC(9) Metaspace: 39851K(40512K)->39851K(40512K) NonClass: 35067K(35456K)->35067K(35456K) Class: 4784K(5056K)->4784K(5056K)
[2025-06-24T14:16:13.032+0200][gc          ] GC(9) Pause Young (Normal) (G1 Evacuation Pause) 314M->21M(512M) 7.131ms
[2025-06-24T14:16:13.032+0200][gc,cpu      ] GC(9) User=0.03s Sys=0.00s Real=0.01s
[2025-06-24T14:22:55.474+0200][gc,start    ] GC(10) Pause Young (Normal) (G1 Evacuation Pause)
[2025-06-24T14:22:55.474+0200][gc,task     ] GC(10) Using 8 workers of 8 for evacuation
[2025-06-24T14:22:55.481+0200][gc,phases   ] GC(10)   Pre Evacuate Collection Set: 0.14ms
[2025-06-24T14:22:55.481+0200][gc,phases   ] GC(10)   Merge Heap Roots: 0.13ms
[2025-06-24T14:22:55.481+0200][gc,phases   ] GC(10)   Evacuate Collection Set: 5.44ms
[2025-06-24T14:22:55.481+0200][gc,phases   ] GC(10)   Post Evacuate Collection Set: 1.39ms
[2025-06-24T14:22:55.481+0200][gc,phases   ] GC(10)   Other: 0.09ms
[2025-06-24T14:22:55.481+0200][gc,heap     ] GC(10) Eden regions: 293->0(294)
[2025-06-24T14:22:55.481+0200][gc,heap     ] GC(10) Survivor regions: 14->13(39)
[2025-06-24T14:22:55.481+0200][gc,heap     ] GC(10) Old regions: 8->8
[2025-06-24T14:22:55.481+0200][gc,heap     ] GC(10) Humongous regions: 0->0
[2025-06-24T14:22:55.481+0200][gc,metaspace] GC(10) Metaspace: 39851K(40512K)->39851K(40512K) NonClass: 35067K(35456K)->35067K(35456K) Class: 4784K(5056K)->4784K(5056K)
[2025-06-24T14:22:55.481+0200][gc          ] GC(10) Pause Young (Normal) (G1 Evacuation Pause) 314M->20M(512M) 7.445ms
[2025-06-24T14:22:55.481+0200][gc,cpu      ] GC(10) User=0.04s Sys=0.00s Real=0.01s
